2026-03-14 15:30:13,365 INFO bot.client Placing order — endpoint: https://testnet.binancefuture.com/fapi/v1/order, params: {'symbol': 'BTCUSDT', 'side': 'BUY', 'type': 'MARKET', 'quantity': 0.001, 'recvWindow': 5000, 'timestamp': 1773482413365}
2026-03-14 15:30:13,380 DEBUG urllib3.connectionpool Starting new HTTPS connection (1): testnet.binancefuture.com:443
2026-03-14 15:30:15,831 DEBUG urllib3.connectionpool https://testnet.binancefuture.com:443 "POST /fapi/v1/order?symbol=BTCUSDT&side=BUY&type=MARKET&quantity=0.001&recvWindow=5000&timestamp=1773482413365&signature=f4db3eebe582c31f714e4e39e3c2ef10f721e772a8f8a3bde7b1dc7dea2e7013 HTTP/1.1" 400 100
2026-03-14 15:30:15,855 ERROR bot.client HTTP error placing order: 400 Client Error: Bad Request for url: https://testnet.binancefuture.com/fapi/v1/order?symbol=BTCUSDT&side=BUY&type=MARKET&quantity=0.001&recvWindow=5000&timestamp=1773482413365&signature=f4db3eebe582c31f714e4e39e3c2ef10f721e772a8f8a3bde7b1dc7dea2e7013
Traceback (most recent call last):
  File "C:\Users\Tiger Syam\Desktop\Internshala\Internships\PrimetradeAI\AI agent developer internship\Task1\trading_bot\bot\client.py", line 82, in place_order
    response.raise_for_status()
  File "C:\Users\Tiger Syam\AppData\Roaming\Python\Python311\site-packages\requests\models.py", line 1026, in raise_for_status
    raise HTTPError(http_error_msg, response=self)
requests.exceptions.HTTPError: 400 Client Error: Bad Request for url: https://testnet.binancefuture.com/fapi/v1/order?symbol=BTCUSDT&side=BUY&type=MARKET&quantity=0.001&recvWindow=5000&timestamp=1773482413365&signature=f4db3eebe582c31f714e4e39e3c2ef10f721e772a8f8a3bde7b1dc7dea2e7013
2026-03-14 15:30:15,901 INFO bot.client Placing order — endpoint: https://testnet.binancefuture.com/fapi/v1/order, params: {'symbol': 'BTCUSDT', 'side': 'BUY', 'type': 'LIMIT', 'quantity': 0.001, 'recvWindow': 5000, 'timestamp': 1773482415901, 'price': 10000.0, 'timeInForce': 'GTC'}
2026-03-14 15:30:15,911 DEBUG urllib3.connectionpool Starting new HTTPS connection (1): testnet.binancefuture.com:443
2026-03-14 15:30:17,784 DEBUG urllib3.connectionpool https://testnet.binancefuture.com:443 "POST /fapi/v1/order?symbol=BTCUSDT&side=BUY&type=LIMIT&quantity=0.001&recvWindow=5000&timestamp=1773482415901&price=10000.0&timeInForce=GTC&signature=f61575627e377e81684c8b10b0451e41a048c8a4fecd64da6daf02f1002a9ff8 HTTP/1.1" 400 100
2026-03-14 15:30:17,786 ERROR bot.client HTTP error placing order: 400 Client Error: Bad Request for url: https://testnet.binancefuture.com/fapi/v1/order?symbol=BTCUSDT&side=BUY&type=LIMIT&quantity=0.001&recvWindow=5000&timestamp=1773482415901&price=10000.0&timeInForce=GTC&signature=f61575627e377e81684c8b10b0451e41a048c8a4fecd64da6daf02f1002a9ff8
Traceback (most recent call last):
  File "C:\Users\Tiger Syam\Desktop\Internshala\Internships\PrimetradeAI\AI agent developer internship\Task1\trading_bot\bot\client.py", line 82, in place_order
    response.raise_for_status()
  File "C:\Users\Tiger Syam\AppData\Roaming\Python\Python311\site-packages\requests\models.py", line 1026, in raise_for_status
    raise HTTPError(http_error_msg, response=self)
requests.exceptions.HTTPError: 400 Client Error: Bad Request for url: https://testnet.binancefuture.com/fapi/v1/order?symbol=BTCUSDT&side=BUY&type=LIMIT&quantity=0.001&recvWindow=5000&timestamp=1773482415901&price=10000.0&timeInForce=GTC&signature=f61575627e377e81684c8b10b0451e41a048c8a4fecd64da6daf02f1002a9ff8
2026-03-14 15:31:39,036 INFO bot.client Placing order — endpoint: https://testnet.binancefuture.com/fapi/v1/order, params: {'symbol': 'BTCUSDT', 'side': 'BUY', 'type': 'MARKET', 'quantity': 0.002, 'recvWindow': 5000, 'timestamp': 1773482499036}
2026-03-14 15:31:39,046 DEBUG urllib3.connectionpool Starting new HTTPS connection (1): testnet.binancefuture.com:443
2026-03-14 15:31:41,873 DEBUG urllib3.connectionpool https://testnet.binancefuture.com:443 "POST /fapi/v1/order?symbol=BTCUSDT&side=BUY&type=MARKET&quantity=0.002&recvWindow=5000&timestamp=1773482499036&signature=84aa0d2c8eb2e913fd42319437b1f57de165824908515ecf4af2a30f129d81a8 HTTP/1.1" 200 None
2026-03-14 15:31:41,892 INFO bot.client Order response: {'orderId': 12806589034, 'symbol': 'BTCUSDT', 'status': 'NEW', 'clientOrderId': 'XrIgSJ272urzRSz60JCen5', 'price': '0.00', 'avgPrice': '0.00', 'origQty': '0.002', 'executedQty': '0.000', 'cumQty': '0.000', 'cumQuote': '0.00000', 'timeInForce': 'GTC', 'type': 'MARKET', 'reduceOnly': False, 'closePosition': False, 'side': 'BUY', 'positionSide': 'BOTH', 'stopPrice': '0.00', 'workingType': 'CONTRACT_PRICE', 'priceProtect': False, 'origType': 'MARKET', 'priceMatch': 'NONE', 'selfTradePreventionMode': 'EXPIRE_MAKER', 'goodTillDate': 0, 'updateTime': 1773482499675}
2026-03-14 15:31:41,900 INFO bot.client Placing order — endpoint: https://testnet.binancefuture.com/fapi/v1/order, params: {'symbol': 'BTCUSDT', 'side': 'BUY', 'type': 'LIMIT', 'quantity': 0.002, 'recvWindow': 5000, 'timestamp': 1773482501900, 'price': 10000.0, 'timeInForce': 'GTC'}
2026-03-14 15:31:41,908 DEBUG urllib3.connectionpool Starting new HTTPS connection (1): testnet.binancefuture.com:443
2026-03-14 15:31:44,112 DEBUG urllib3.connectionpool https://testnet.binancefuture.com:443 "POST /fapi/v1/order?symbol=BTCUSDT&side=BUY&type=LIMIT&quantity=0.002&recvWindow=5000&timestamp=1773482501900&price=10000.0&timeInForce=GTC&signature=617022e90cab10227dfacbe74e00755f836d57285c273f2057b9d0055d75c98f HTTP/1.1" 400 100
2026-03-14 15:31:44,114 ERROR bot.client HTTP error placing order: 400 Client Error: Bad Request for url: https://testnet.binancefuture.com/fapi/v1/order?symbol=BTCUSDT&side=BUY&type=LIMIT&quantity=0.002&recvWindow=5000&timestamp=1773482501900&price=10000.0&timeInForce=GTC&signature=617022e90cab10227dfacbe74e00755f836d57285c273f2057b9d0055d75c98f
Traceback (most recent call last):
  File "C:\Users\Tiger Syam\Desktop\Internshala\Internships\PrimetradeAI\AI agent developer internship\Task1\trading_bot\bot\client.py", line 82, in place_order
    response.raise_for_status()
  File "C:\Users\Tiger Syam\AppData\Roaming\Python\Python311\site-packages\requests\models.py", line 1026, in raise_for_status
    raise HTTPError(http_error_msg, response=self)
requests.exceptions.HTTPError: 400 Client Error: Bad Request for url: https://testnet.binancefuture.com/fapi/v1/order?symbol=BTCUSDT&side=BUY&type=LIMIT&quantity=0.002&recvWindow=5000&timestamp=1773482501900&price=10000.0&timeInForce=GTC&signature=617022e90cab10227dfacbe74e00755f836d57285c273f2057b9d0055d75c98f
2026-03-14 15:33:24,703 INFO bot.client Placing order — endpoint: https://testnet.binancefuture.com/fapi/v1/order, params: {'symbol': 'BTCUSDT', 'side': 'BUY', 'type': 'MARKET', 'quantity': 0.002, 'recvWindow': 5000, 'timestamp': 1773482604703}
2026-03-14 15:33:24,711 DEBUG urllib3.connectionpool Starting new HTTPS connection (1): testnet.binancefuture.com:443
2026-03-14 15:33:28,970 DEBUG urllib3.connectionpool https://testnet.binancefuture.com:443 "POST /fapi/v1/order?symbol=BTCUSDT&side=BUY&type=MARKET&quantity=0.002&recvWindow=5000&timestamp=1773482604703&signature=3c755a833543458a9e617d282406b763d1c1a90f12ea085e219a8c5b05f643b2 HTTP/1.1" 200 None
2026-03-14 15:33:28,972 INFO bot.client Order response: {'orderId': 12806614351, 'symbol': 'BTCUSDT', 'status': 'NEW', 'clientOrderId': 'AEiMykqSJGF8sZWCarh4BW', 'price': '0.00', 'avgPrice': '0.00', 'origQty': '0.002', 'executedQty': '0.000', 'cumQty': '0.000', 'cumQuote': '0.00000', 'timeInForce': 'GTC', 'type': 'MARKET', 'reduceOnly': False, 'closePosition': False, 'side': 'BUY', 'positionSide': 'BOTH', 'stopPrice': '0.00', 'workingType': 'CONTRACT_PRICE', 'priceProtect': False, 'origType': 'MARKET', 'priceMatch': 'NONE', 'selfTradePreventionMode': 'EXPIRE_MAKER', 'goodTillDate': 0, 'updateTime': 1773482606919}
2026-03-14 15:33:28,980 INFO bot.client Placing order — endpoint: https://testnet.binancefuture.com/fapi/v1/order, params: {'symbol': 'BTCUSDT', 'side': 'BUY', 'type': 'LIMIT', 'quantity': 0.002, 'recvWindow': 5000, 'timestamp': 1773482608980, 'price': 50000.0, 'timeInForce': 'GTC'}
2026-03-14 15:33:28,988 DEBUG urllib3.connectionpool Starting new HTTPS connection (1): testnet.binancefuture.com:443
2026-03-14 15:33:34,197 DEBUG urllib3.connectionpool https://testnet.binancefuture.com:443 "POST /fapi/v1/order?symbol=BTCUSDT&side=BUY&type=LIMIT&quantity=0.002&recvWindow=5000&timestamp=1773482608980&price=50000.0&timeInForce=GTC&signature=fdc3dd8422b7765c9b0a0163e60844cd4fe2f25cd8820da31d2e35bcbda3bcb3 HTTP/1.1" 200 None
2026-03-14 15:33:34,198 INFO bot.client Order response: {'orderId': 12806615248, 'symbol': 'BTCUSDT', 'status': 'NEW', 'clientOrderId': '86270QHkA9Cmus3bHC8qeH', 'price': '50000.00', 'avgPrice': '0.00', 'origQty': '0.002', 'executedQty': '0.000', 'cumQty': '0.000', 'cumQuote': '0.00000', 'timeInForce': 'GTC', 'type': 'LIMIT', 'reduceOnly': False, 'closePosition': False, 'side': 'BUY', 'positionSide': 'BOTH', 'stopPrice': '0.00', 'workingType': 'CONTRACT_PRICE', 'priceProtect': False, 'origType': 'LIMIT', 'priceMatch': 'NONE', 'selfTradePreventionMode': 'EXPIRE_MAKER', 'goodTillDate': 0, 'updateTime': 1773482612203}
2026-03-14 15:46:40,096 INFO bot.client Placing order — endpoint: https://testnet.binancefuture.com/fapi/v1/order, params: {'symbol': 'BTCUSDT', 'side': 'BUY', 'type': 'MARKET', 'quantity': 0.002, 'recvWindow': 5000, 'timestamp': 1773483400096}
2026-03-14 15:46:40,114 DEBUG urllib3.connectionpool Starting new HTTPS connection (1): testnet.binancefuture.com:443
2026-03-14 15:46:41,870 DEBUG urllib3.connectionpool https://testnet.binancefuture.com:443 "POST /fapi/v1/order?symbol=BTCUSDT&side=BUY&type=MARKET&quantity=0.002&recvWindow=5000&timestamp=1773483400096&signature=a7d27fd433e46b4e73cc6439a78a9dec0265abfcc426ba7b862b5d7c7c5309a4 HTTP/1.1" 401 46
2026-03-14 15:46:41,872 ERROR bot.client HTTP error placing order: 401 Client Error: Unauthorized for url: https://testnet.binancefuture.com/fapi/v1/order?symbol=BTCUSDT&side=BUY&type=MARKET&quantity=0.002&recvWindow=5000&timestamp=1773483400096&signature=a7d27fd433e46b4e73cc6439a78a9dec0265abfcc426ba7b862b5d7c7c5309a4
Traceback (most recent call last):
  File "C:\Users\Tiger Syam\Desktop\Internshala\Internships\PrimetradeAI\AI agent developer internship\Task1\trading_bot\bot\client.py", line 82, in place_order
    response.raise_for_status()
  File "C:\Users\Tiger Syam\AppData\Roaming\Python\Python311\site-packages\requests\models.py", line 1026, in raise_for_status
    raise HTTPError(http_error_msg, response=self)
requests.exceptions.HTTPError: 401 Client Error: Unauthorized for url: https://testnet.binancefuture.com/fapi/v1/order?symbol=BTCUSDT&side=BUY&type=MARKET&quantity=0.002&recvWindow=5000&timestamp=1773483400096&signature=a7d27fd433e46b4e73cc6439a78a9dec0265abfcc426ba7b862b5d7c7c5309a4
2026-03-14 15:48:13,528 INFO bot.client Placing order — endpoint: https://testnet.binancefuture.com/fapi/v1/order, params: {'symbol': 'BTCUSDT', 'side': 'BUY', 'type': 'MARKET', 'quantity': 0.002, 'recvWindow': 5000, 'timestamp': 1773483493528}
2026-03-14 15:48:13,542 DEBUG urllib3.connectionpool Starting new HTTPS connection (1): testnet.binancefuture.com:443
2026-03-14 15:48:15,464 DEBUG urllib3.connectionpool https://testnet.binancefuture.com:443 "POST /fapi/v1/order?symbol=BTCUSDT&side=BUY&type=MARKET&quantity=0.002&recvWindow=5000&timestamp=1773483493528&signature=24e5413f8e075d471ef9dd993166421c2f89fb66abc22420bc158005de50940c HTTP/1.1" 200 None
2026-03-14 15:48:15,466 INFO bot.client Order response: {'orderId': 12806816455, 'symbol': 'BTCUSDT', 'status': 'NEW', 'clientOrderId': 'MS5qVuMDT301v0eaG641er', 'price': '0.00', 'avgPrice': '0.00', 'origQty': '0.002', 'executedQty': '0.000', 'cumQty': '0.000', 'cumQuote': '0.00000', 'timeInForce': 'GTC', 'type': 'MARKET', 'reduceOnly': False, 'closePosition': False, 'side': 'BUY', 'positionSide': 'BOTH', 'stopPrice': '0.00', 'workingType': 'CONTRACT_PRICE', 'priceProtect': False, 'origType': 'MARKET', 'priceMatch': 'NONE', 'selfTradePreventionMode': 'EXPIRE_MAKER', 'goodTillDate': 0, 'updateTime': 1773483493419}
2026-03-14 15:50:57,663 INFO bot.client Placing order — endpoint: https://testnet.binancefuture.com/fapi/v1/order, params: {'symbol': 'BTCUSDT', 'side': 'BUY', 'type': 'LIMIT', 'quantity': 0.002, 'recvWindow': 5000, 'timestamp': 1773483657663, 'price': 50000.0, 'timeInForce': 'GTC'}
2026-03-14 15:50:57,676 DEBUG urllib3.connectionpool Starting new HTTPS connection (1): testnet.binancefuture.com:443
2026-03-14 15:50:59,510 DEBUG urllib3.connectionpool https://testnet.binancefuture.com:443 "POST /fapi/v1/order?symbol=BTCUSDT&side=BUY&type=LIMIT&quantity=0.002&recvWindow=5000&timestamp=1773483657663&price=50000.0&timeInForce=GTC&signature=b6ddfbcd0508e555bc07ecedd6b5f1609cbbc9cc70e9fef541aa9182c6cd76c3 HTTP/1.1" 200 None
2026-03-14 15:50:59,510 INFO bot.client Order response: {'orderId': 12806855393, 'symbol': 'BTCUSDT', 'status': 'NEW', 'clientOrderId': 'oSUggZPq13zlDEJWp36aqD', 'price': '50000.00', 'avgPrice': '0.00', 'origQty': '0.002', 'executedQty': '0.000', 'cumQty': '0.000', 'cumQuote': '0.00000', 'timeInForce': 'GTC', 'type': 'LIMIT', 'reduceOnly': False, 'closePosition': False, 'side': 'BUY', 'positionSide': 'BOTH', 'stopPrice': '0.00', 'workingType': 'CONTRACT_PRICE', 'priceProtect': False, 'origType': 'LIMIT', 'priceMatch': 'NONE', 'selfTradePreventionMode': 'EXPIRE_MAKER', 'goodTillDate': 0, 'updateTime': 1773483657587}
2026-03-14 15:56:48,586 INFO bot.client Placing order — endpoint: https://testnet.binancefuture.com/fapi/v1/order, params: {'symbol': 'BTCUSDT', 'side': 'BUY', 'type': 'MARKET', 'quantity': 0.002, 'recvWindow': 5000, 'timestamp': 1773484008586}
2026-03-14 15:56:51,083 INFO bot.client Order response: {'orderId': 12806936135, 'symbol': 'BTCUSDT', 'status': 'NEW', 'clientOrderId': 'bisueMWVZmhrNLPfHCyJQw', 'price': '0.00', 'avgPrice': '0.00', 'origQty': '0.002', 'executedQty': '0.000', 'cumQty': '0.000', 'cumQuote': '0.00000', 'timeInForce': 'GTC', 'type': 'MARKET', 'reduceOnly': False, 'closePosition': False, 'side': 'BUY', 'positionSide': 'BOTH', 'stopPrice': '0.00', 'workingType': 'CONTRACT_PRICE', 'priceProtect': False, 'origType': 'MARKET', 'priceMatch': 'NONE', 'selfTradePreventionMode': 'EXPIRE_MAKER', 'goodTillDate': 0, 'updateTime': 1773484009167}
2026-03-14 15:56:51,094 INFO bot.client Placing order — endpoint: https://testnet.binancefuture.com/fapi/v1/order, params: {'symbol': 'BTCUSDT', 'side': 'BUY', 'type': 'LIMIT', 'quantity': 0.002, 'recvWindow': 5000, 'timestamp': 1773484011094, 'price': 50000.0, 'timeInForce': 'GTC'}
2026-03-14 15:56:52,697 INFO bot.client Order response: {'orderId': 12806936634, 'symbol': 'BTCUSDT', 'status': 'NEW', 'clientOrderId': 'J5Sx0QxmZ4yuaeS1ZnEaLK', 'price': '50000.00', 'avgPrice': '0.00', 'origQty': '0.002', 'executedQty': '0.000', 'cumQty': '0.000', 'cumQuote': '0.00000', 'timeInForce': 'GTC', 'type': 'LIMIT', 'reduceOnly': False, 'closePosition': False, 'side': 'BUY', 'positionSide': 'BOTH', 'stopPrice': '0.00', 'workingType': 'CONTRACT_PRICE', 'priceProtect': False, 'origType': 'LIMIT', 'priceMatch': 'NONE', 'selfTradePreventionMode': 'EXPIRE_MAKER', 'goodTillDate': 0, 'updateTime': 1773484010751}
2026-03-14 21:10:52,091 INFO bot.client Placing order — endpoint: https://testnet.binancefuture.com/fapi/v1/order, params: {'symbol': 'BTCUSDT', 'side': 'BUY', 'type': 'MARKET', 'quantity': 0.002, 'recvWindow': 5000, 'timestamp': 1773502852091}
2026-03-14 21:10:54,505 INFO bot.client Order response: {'orderId': 12811330265, 'symbol': 'BTCUSDT', 'status': 'NEW', 'clientOrderId': 'xJFPtTUIzSf6o0FaoCmZsT', 'price': '0.00', 'avgPrice': '0.00', 'origQty': '0.002', 'executedQty': '0.000', 'cumQty': '0.000', 'cumQuote': '0.00000', 'timeInForce': 'GTC', 'type': 'MARKET', 'reduceOnly': False, 'closePosition': False, 'side': 'BUY', 'positionSide': 'BOTH', 'stopPrice': '0.00', 'workingType': 'CONTRACT_PRICE', 'priceProtect': False, 'origType': 'MARKET', 'priceMatch': 'NONE', 'selfTradePreventionMode': 'EXPIRE_MAKER', 'goodTillDate': 0, 'updateTime': 1773502853083}
2026-03-14 21:11:35,031 INFO bot.client Placing order — endpoint: https://testnet.binancefuture.com/fapi/v1/order, params: {'symbol': 'BTCUSDT', 'side': 'BUY', 'type': 'MARKET', 'quantity': 0.002, 'recvWindow': 5000, 'timestamp': 1773502895030}
2026-03-14 21:11:36,735 INFO bot.client Order response: {'orderId': 12811342365, 'symbol': 'BTCUSDT', 'status': 'NEW', 'clientOrderId': '29hPhgbfkqc6PoIOzGzIGy', 'price': '0.00', 'avgPrice': '0.00', 'origQty': '0.002', 'executedQty': '0.000', 'cumQty': '0.000', 'cumQuote': '0.00000', 'timeInForce': 'GTC', 'type': 'MARKET', 'reduceOnly': False, 'closePosition': False, 'side': 'BUY', 'positionSide': 'BOTH', 'stopPrice': '0.00', 'workingType': 'CONTRACT_PRICE', 'priceProtect': False, 'origType': 'MARKET', 'priceMatch': 'NONE', 'selfTradePreventionMode': 'EXPIRE_MAKER', 'goodTillDate': 0, 'updateTime': 1773502895347}
